Archive member included because of file (symbol)

../libopencm3/lib/libopencm3_stm32f3.a(gpio.o)
                              miniblink.o (gpio_mode_setup)
../libopencm3/lib/libopencm3_stm32f3.a(rcc_common_all.o)
                              miniblink.o (rcc_periph_clock_enable)
../libopencm3/lib/libopencm3_stm32f3.a(vector.o)
                              (reset_handler)

Discarded input sections

 .text          0x00000000        0x0 miniblink.o
 .data          0x00000000        0x0 miniblink.o
 .bss           0x00000000        0x0 miniblink.o
 .text          0x00000000        0x0 ../libopencm3/lib/libopencm3_stm32f3.a(gpio.o)
 .data          0x00000000        0x0 ../libopencm3/lib/libopencm3_stm32f3.a(gpio.o)
 .bss           0x00000000        0x0 ../libopencm3/lib/libopencm3_stm32f3.a(gpio.o)
 .text.gpio_set_output_options
                0x00000000       0x38 ../libopencm3/lib/libopencm3_stm32f3.a(gpio.o)
 .text.gpio_set_af
                0x00000000       0x56 ../libopencm3/lib/libopencm3_stm32f3.a(gpio.o)
 .text.gpio_set
                0x00000000        0x4 ../libopencm3/lib/libopencm3_stm32f3.a(gpio.o)
 .text.gpio_clear
                0x00000000        0x6 ../libopencm3/lib/libopencm3_stm32f3.a(gpio.o)
 .text.gpio_get
                0x00000000        0x6 ../libopencm3/lib/libopencm3_stm32f3.a(gpio.o)
 .text.gpio_port_read
                0x00000000        0x6 ../libopencm3/lib/libopencm3_stm32f3.a(gpio.o)
 .text.gpio_port_write
                0x00000000        0x4 ../libopencm3/lib/libopencm3_stm32f3.a(gpio.o)
 .text.gpio_port_config_lock
                0x00000000       0x10 ../libopencm3/lib/libopencm3_stm32f3.a(gpio.o)
 .text          0x00000000        0x0 ../libopencm3/lib/libopencm3_stm32f3.a(rcc_common_all.o)
 .data          0x00000000        0x0 ../libopencm3/lib/libopencm3_stm32f3.a(rcc_common_all.o)
 .bss           0x00000000        0x0 ../libopencm3/lib/libopencm3_stm32f3.a(rcc_common_all.o)
 .text.rcc_peripheral_enable_clock
                0x00000000        0x8 ../libopencm3/lib/libopencm3_stm32f3.a(rcc_common_all.o)
 .text.rcc_peripheral_disable_clock
                0x00000000        0xa ../libopencm3/lib/libopencm3_stm32f3.a(rcc_common_all.o)
 .text.rcc_peripheral_reset
                0x00000000        0x8 ../libopencm3/lib/libopencm3_stm32f3.a(rcc_common_all.o)
 .text.rcc_peripheral_clear_reset
                0x00000000        0xa ../libopencm3/lib/libopencm3_stm32f3.a(rcc_common_all.o)
 .text.rcc_periph_clock_disable
                0x00000000       0x1e ../libopencm3/lib/libopencm3_stm32f3.a(rcc_common_all.o)
 .text.rcc_periph_reset_pulse
                0x00000000       0x24 ../libopencm3/lib/libopencm3_stm32f3.a(rcc_common_all.o)
 .text.rcc_periph_reset_hold
                0x00000000       0x1c ../libopencm3/lib/libopencm3_stm32f3.a(rcc_common_all.o)
 .text.rcc_periph_reset_release
                0x00000000       0x1e ../libopencm3/lib/libopencm3_stm32f3.a(rcc_common_all.o)
 .text          0x00000000        0x0 ../libopencm3/lib/libopencm3_stm32f3.a(vector.o)
 .data          0x00000000        0x0 ../libopencm3/lib/libopencm3_stm32f3.a(vector.o)
 .bss           0x00000000        0x0 ../libopencm3/lib/libopencm3_stm32f3.a(vector.o)

Memory Configuration

Name             Origin             Length             Attributes
rom              0x08000000         0x00040000         xr
ram              0x20000000         0x00008000         xrw
*default*        0x00000000         0xffffffff

Linker script and memory map

LOAD miniblink.o
LOAD ../libopencm3/lib/libopencm3_stm32f3.a
START GROUP
LOAD /home/maelok/gcc-arm-none-eabi-4_7-2014q2/bin/../lib/gcc/arm-none-eabi/4.7.4/../../../../arm-none-eabi/lib/armv7e-m/fpu/libc.a
LOAD /home/maelok/gcc-arm-none-eabi-4_7-2014q2/bin/../lib/gcc/arm-none-eabi/4.7.4/armv7e-m/fpu/libgcc.a
LOAD /home/maelok/gcc-arm-none-eabi-4_7-2014q2/bin/../lib/gcc/arm-none-eabi/4.7.4/../../../../arm-none-eabi/lib/armv7e-m/fpu/libnosys.a
END GROUP
START GROUP
LOAD /home/maelok/gcc-arm-none-eabi-4_7-2014q2/bin/../lib/gcc/arm-none-eabi/4.7.4/armv7e-m/fpu/libgcc.a
LOAD /home/maelok/gcc-arm-none-eabi-4_7-2014q2/bin/../lib/gcc/arm-none-eabi/4.7.4/../../../../arm-none-eabi/lib/armv7e-m/fpu/libc.a
END GROUP

.text           0x08000000      0x2b8
 *(.vectors)
 .vectors       0x08000000      0x184 ../libopencm3/lib/libopencm3_stm32f3.a(vector.o)
                0x08000000                vector_table
 *(.text*)
 .text.startup.main
                0x08000184       0x34 miniblink.o
                0x08000184                main
 .text.gpio_mode_setup
                0x080001b8       0x46 ../libopencm3/lib/libopencm3_stm32f3.a(gpio.o)
                0x080001b8                gpio_mode_setup
 .text.gpio_toggle
                0x080001fe        0x8 ../libopencm3/lib/libopencm3_stm32f3.a(gpio.o)
                0x080001fe                gpio_toggle
 .text.rcc_periph_clock_enable
                0x08000206       0x1c ../libopencm3/lib/libopencm3_stm32f3.a(rcc_common_all.o)
                0x08000206                rcc_periph_clock_enable
 .text.blocking_handler
                0x08000222        0x2 ../libopencm3/lib/libopencm3_stm32f3.a(vector.o)
                0x08000222                usb_lp_isr
                0x08000222                i2c2_ev_exti24_isr
                0x08000222                usb_hp_isr
                0x08000222                tim7_isr
                0x08000222                reserved_12_isr
                0x08000222                adc1_2_isr
                0x08000222                reserved_11_isr
                0x08000222                reserved_7_isr
                0x08000222                reserved_13_isr
                0x08000222                blocking_handler
                0x08000222                rtc_wkup_isr
                0x08000222                tim1_up_tim16_isr
                0x08000222                spi1_isr
                0x08000222                dma1_channel6_isr
                0x08000222                reserved_5_isr
                0x08000222                dma1_channel5_isr
                0x08000222                dma2_channel5_isr
                0x08000222                tamp_stamp_isr
                0x08000222                can1_rx1_isr
                0x08000222                usage_fault_handler
                0x08000222                tim8_trg_com_isr
                0x08000222                i2c1_ev_exti23_isr
                0x08000222                tim1_trg_com_tim17_isr
                0x08000222                reserved_15_isr
                0x08000222                usb_wkup_isr
                0x08000222                can1_sce_isr
                0x08000222                reserved_3_isr
                0x08000222                tim1_cc_isr
                0x08000222                eth_isr
                0x08000222                reserved_14_isr
                0x08000222                dma1_channel4_isr
                0x08000222                tim8_brk_isr
                0x08000222                dma2_channel4_isr
                0x08000222                pvd_isr
                0x08000222                comp123_isr
                0x08000222                comp456_isr
                0x08000222                rcc_isr
                0x08000222                reserved_8_isr
                0x08000222                flash_isr
                0x08000222                rtc_alarm_isr
                0x08000222                reserved_2_isr
                0x08000222                exti15_10_isr
                0x08000222                hard_fault_handler
                0x08000222                exti1_isr
                0x08000222                dma2_channel1_isr
                0x08000222                spi2_isr
                0x08000222                reserved_9_isr
                0x08000222                nvic_wwdg_isr
                0x08000222                tim8_up_isr
                0x08000222                usart1_exti25_isr
                0x08000222                dma2_channel2_isr
                0x08000222                adc3_isr
                0x08000222                exti3_isr
                0x08000222                tim3_isr
                0x08000222                i2c2_er_isr
                0x08000222                reserved_1_isr
                0x08000222                dma1_channel1_isr
                0x08000222                exti4_isr
                0x08000222                tim6_dac_isr
                0x08000222                mem_manage_handler
                0x08000222                exti9_5_isr
                0x08000222                dma2_channel3_isr
                0x08000222                usb_hp_can1_tx_isr
                0x08000222                dma1_channel7_isr
                0x08000222                usart3_exti28_isr
                0x08000222                reserved_6_isr
                0x08000222                tim4_isr
                0x08000222                usb_lp_can1_rx0_isr
                0x08000222                dma1_channel2_isr
                0x08000222                i2c1_er_isr
                0x08000222                tim8_cc_isr
                0x08000222                comp7_isr
                0x08000222                uart5_exti35_isr
                0x08000222                reserved_4_isr
                0x08000222                bus_fault_handler
                0x08000222                tim1_brk_tim15_isr
                0x08000222                dma1_channel3_isr
                0x08000222                uart4_exti34_isr
                0x08000222                usart2_exti26_isr
                0x08000222                spi3_isr
                0x08000222                reserved_10_isr
                0x08000222                tim2_isr
                0x08000222                reserved_16_isr
                0x08000222                exti2_tsc_isr
                0x08000222                usb_wkup_a_isr
                0x08000222                exti0_isr
 .text.null_handler
                0x08000224        0x2 ../libopencm3/lib/libopencm3_stm32f3.a(vector.o)
                0x08000224                null_handler
                0x08000224                sv_call_handler
                0x08000224                pend_sv_handler
                0x08000224                debug_monitor_handler
                0x08000224                sys_tick_handler
                0x08000224                nmi_handler
 *fill*         0x08000226        0x2 00
 .text.reset_handler
                0x08000228       0x90 ../libopencm3/lib/libopencm3_stm32f3.a(vector.o)
                0x08000228                reset_handler
                0x080002b8                . = ALIGN (0x4)
 *(.rodata*)
                0x080002b8                . = ALIGN (0x4)

.glue_7         0x080002b8        0x0
 .glue_7        0x00000000        0x0 linker stubs

.glue_7t        0x080002b8        0x0
 .glue_7t       0x00000000        0x0 linker stubs

.vfp11_veneer   0x080002b8        0x0
 .vfp11_veneer  0x00000000        0x0 linker stubs

.v4_bx          0x080002b8        0x0
 .v4_bx         0x00000000        0x0 linker stubs

.iplt           0x080002b8        0x0
 .iplt          0x00000000        0x0 miniblink.o

.rel.dyn        0x080002b8        0x0
 .rel.iplt      0x00000000        0x0 miniblink.o

.preinit_array  0x080002b8        0x0
                0x080002b8                . = ALIGN (0x4)
                0x080002b8                __preinit_array_start = .
 *(.preinit_array)
                0x080002b8                __preinit_array_end = .

.init_array     0x080002b8        0x0
                0x080002b8                . = ALIGN (0x4)
                0x080002b8                __init_array_start = .
 *(SORT(.init_array.*))
 *(.init_array)
                0x080002b8                __init_array_end = .

.fini_array     0x080002b8        0x0
                0x080002b8                . = ALIGN (0x4)
                0x080002b8                __fini_array_start = .
 *(.fini_array)
 *(SORT(.fini_array.*))
                0x080002b8                __fini_array_end = .

.ARM.extab
 *(.ARM.extab*)

.ARM.exidx      0x080002b8        0x0
                0x080002b8                __exidx_start = .
 *(.ARM.exidx*)
                0x080002b8                __exidx_end = .
                0x080002b8                . = ALIGN (0x4)
                0x080002b8                _etext = .

.data           0x20000000        0x0 load address 0x080002b8
                0x20000000                _data = .
 *(.data*)
                0x20000000                . = ALIGN (0x4)
                0x20000000                _edata = .
                0x080002b8                _data_loadaddr = LOADADDR (.data)

.igot.plt       0x20000000        0x0 load address 0x080002b8
 .igot.plt      0x00000000        0x0 miniblink.o

.bss            0x20000000        0x0 load address 0x080002b8
 *(.bss*)
 *(COMMON)
                0x20000000                . = ALIGN (0x4)
                0x20000000                _ebss = .

/DISCARD/
 *(.eh_frame)
                0x20000000                . = ALIGN (0x4)
                0x20000000                end = .
                0x20008000                PROVIDE (_stack, (ORIGIN (ram) + 0x8000))
OUTPUT(miniblink.elf elf32-littlearm)

.debug_info     0x00000000      0xe7c
 .debug_info    0x00000000      0x302 miniblink.o
 .debug_info    0x00000302      0x37c ../libopencm3/lib/libopencm3_stm32f3.a(gpio.o)
 .debug_info    0x0000067e      0x512 ../libopencm3/lib/libopencm3_stm32f3.a(rcc_common_all.o)
 .debug_info    0x00000b90      0x2ec ../libopencm3/lib/libopencm3_stm32f3.a(vector.o)

.debug_abbrev   0x00000000      0x43c
 .debug_abbrev  0x00000000       0xfe miniblink.o
 .debug_abbrev  0x000000fe      0x145 ../libopencm3/lib/libopencm3_stm32f3.a(gpio.o)
 .debug_abbrev  0x00000243       0xc0 ../libopencm3/lib/libopencm3_stm32f3.a(rcc_common_all.o)
 .debug_abbrev  0x00000303      0x139 ../libopencm3/lib/libopencm3_stm32f3.a(vector.o)

.debug_loc      0x00000000      0x387
 .debug_loc     0x00000000       0x34 miniblink.o
 .debug_loc     0x00000034      0x15f ../libopencm3/lib/libopencm3_stm32f3.a(gpio.o)
 .debug_loc     0x00000193      0x129 ../libopencm3/lib/libopencm3_stm32f3.a(rcc_common_all.o)
 .debug_loc     0x000002bc       0xcb ../libopencm3/lib/libopencm3_stm32f3.a(vector.o)

.debug_aranges  0x00000000      0x118
 .debug_aranges
                0x00000000       0x20 miniblink.o
 .debug_aranges
                0x00000020       0x68 ../libopencm3/lib/libopencm3_stm32f3.a(gpio.o)
 .debug_aranges
                0x00000088       0x60 ../libopencm3/lib/libopencm3_stm32f3.a(rcc_common_all.o)
 .debug_aranges
                0x000000e8       0x30 ../libopencm3/lib/libopencm3_stm32f3.a(vector.o)

.debug_ranges   0x00000000       0xd8
 .debug_ranges  0x00000000       0x10 miniblink.o
 .debug_ranges  0x00000010       0x58 ../libopencm3/lib/libopencm3_stm32f3.a(gpio.o)
 .debug_ranges  0x00000068       0x50 ../libopencm3/lib/libopencm3_stm32f3.a(rcc_common_all.o)
 .debug_ranges  0x000000b8       0x20 ../libopencm3/lib/libopencm3_stm32f3.a(vector.o)

.debug_line     0x00000000      0x601
 .debug_line    0x00000000      0x167 miniblink.o
 .debug_line    0x00000167      0x196 ../libopencm3/lib/libopencm3_stm32f3.a(gpio.o)
 .debug_line    0x000002fd      0x17c ../libopencm3/lib/libopencm3_stm32f3.a(rcc_common_all.o)
 .debug_line    0x00000479      0x188 ../libopencm3/lib/libopencm3_stm32f3.a(vector.o)

.debug_str      0x00000000      0x8b4
 .debug_str     0x00000000      0x333 miniblink.o
                                0x36c (size before relaxing)
 .debug_str     0x00000333      0x10b ../libopencm3/lib/libopencm3_stm32f3.a(gpio.o)
                                0x213 (size before relaxing)
 .debug_str     0x0000043e      0x2c2 ../libopencm3/lib/libopencm3_stm32f3.a(rcc_common_all.o)
                                0x60b (size before relaxing)
 .debug_str     0x00000700      0x1b4 ../libopencm3/lib/libopencm3_stm32f3.a(vector.o)
                                0x2c6 (size before relaxing)

.comment        0x00000000       0x70
 .comment       0x00000000       0x70 miniblink.o
                                 0x71 (size before relaxing)
 .comment       0x00000000       0x71 ../libopencm3/lib/libopencm3_stm32f3.a(gpio.o)
 .comment       0x00000000       0x71 ../libopencm3/lib/libopencm3_stm32f3.a(rcc_common_all.o)
 .comment       0x00000000       0x71 ../libopencm3/lib/libopencm3_stm32f3.a(vector.o)

.ARM.attributes
                0x00000000       0x3b
 .ARM.attributes
                0x00000000       0x3b miniblink.o
 .ARM.attributes
                0x0000003b       0x3b ../libopencm3/lib/libopencm3_stm32f3.a(gpio.o)
 .ARM.attributes
                0x00000076       0x3b ../libopencm3/lib/libopencm3_stm32f3.a(rcc_common_all.o)
 .ARM.attributes
                0x000000b1       0x3b ../libopencm3/lib/libopencm3_stm32f3.a(vector.o)

.debug_frame    0x00000000      0x1e4
 .debug_frame   0x00000000       0x28 miniblink.o
 .debug_frame   0x00000028       0xdc ../libopencm3/lib/libopencm3_stm32f3.a(gpio.o)
 .debug_frame   0x00000104       0xa0 ../libopencm3/lib/libopencm3_stm32f3.a(rcc_common_all.o)
 .debug_frame   0x000001a4       0x40 ../libopencm3/lib/libopencm3_stm32f3.a(vector.o)
